Script started on Wed 25 Apr 2018 07:05:18 PM EDT
[?1034hbash-4.1$ date
Wed Apr 25 19:05:22 EDT 2018
bash-4.1$ uname -a
Linux Zeus-1 2.6.32-696.18.7.el6.centos.plus.x86_64 #1 SMP Tue Jan 9 14:11:50 UTC 2018 x86_64 x86_64 x86_64 GNU/Linux
bash-4.1$ pwd
/home/dalemu2/cs262/lab11_dalemu2_207
bash-4.1$ make
gcc -g -Wall -o lab11_dalemu2_207 lab11_dalemu2_207.c
bash-4.1$ make
gcc -g -Wall -o0 lab11_dalemu2_207 lab11_dalemu2_207.c
lab11_dalemu2_207: In function `_fini':
(.fini+0x0): multiple definition of `_fini'
/usr/lib/../lib64/crti.o:(.fini+0x0): first defined here
lab11_dalemu2_207: In function `data_start':
(.data+0x0): multiple definition of `__data_start'
/usr/lib/../lib64/crt1.o:(.data+0x0): first defined here
lab11_dalemu2_207:(.rodata+0x8): multiple definition of `__dso_handle'
/opt/rh/devtoolset-6/root/usr/lib/gcc/x86_64-redhat-linux/6.3.1/crtbegin.o:(.rodata+0x0): first defined here
lab11_dalemu2_207:(.rodata+0x0): multiple definition of `_IO_stdin_used'
/usr/lib/../lib64/crt1.o:(.rodata.cst4+0x0): first defined here
lab11_dalemu2_207: In function `_start':
(.text+0x0): multiple definition of `_start'
/usr/lib/../lib64/crt1.o:(.text+0x0): first defined here
lab11_dalemu2_207: In function `_init':
(.init+0x0): multiple definition of `_init'
/usr/lib/../lib64/crti.o:(.init+0x0): first defined here
/tmp/ccIw76tL.o: In function `main':
/home/dalemu2/cs262/lab11_dalemu2_207/lab11_dalemu2_207.c:17: multiple definition of `main'
lab11_dalemu2_207:/home/dalemu2/cs262/lab11_dalemu2_207/lab11_dalemu2_207.c:17: first defined here
/tmp/ccIw76tL.o: In function `insertNodeSorted':
/home/dalemu2/cs262/lab11_dalemu2_207/lab11_dalemu2_207.c:63: multiple definition of `insertNodeSorted'
lab11_dalemu2_207:/home/dalemu2/cs262/lab11_dalemu2_207/lab11_dalemu2_207.c:63: first defined here
/tmp/ccIw76tL.o: In function `printList':
/home/dalemu2/cs262/lab11_dalemu2_207/lab11_dalemu2_207.c:89: multiple definition of `printList'
lab11_dalemu2_207:/home/dalemu2/cs262/lab11_dalemu2_207/lab11_dalemu2_207.c:89: first defined here
/tmp/ccIw76tL.o: In function `deleteList':
/home/dalemu2/cs262/lab11_dalemu2_207/lab11_dalemu2_207.c:102: multiple definition of `deleteList'
lab11_dalemu2_207:/home/dalemu2/cs262/lab11_dalemu2_207/lab11_dalemu2_207.c:102: first defined here
/opt/rh/devtoolset-6/root/usr/lib/gcc/x86_64-redhat-linux/6.3.1/crtend.o:(.tm_clone_table+0x0): multiple definition of `__TMC_END__'
lab11_dalemu2_207:(.data+0x8): first defined here
/opt/rh/devtoolset-6/root/usr/libexec/gcc/x86_64-redhat-linux/6.3.1/ld: warning: Cannot create .eh_frame_hdr section, --eh-frame-hdr ignored.
/opt/rh/devtoolset-6/root/usr/libexec/gcc/x86_64-redhat-linux/6.3.1/ld: error in lab11_dalemu2_207(.eh_frame); no .eh_frame_hdr table will be created.
collect2: error: ld returned 1 exit status
Makefile:10: recipe for target 'lab11_dalemu2_207' failed
make: *** [lab11_dalemu2_207] Error 1
bash-4.1$ valgrind --[7Pmake[1Ppwduname -a[4Pdatelab11_dalemu2_207 262622 50 1000[C[C[C[C[C[C[C[C[C[Cmake[Kvi lab11_dalemu2_207.c[C[C[C[C[C[C[C[C[C[Clab11_dalemu2_207 262622 50 1000[C[C[C[C[C[C[C[C[C[C[18P26226[C[C[C[C[C[C[C[C[C[C[C[C[C[C[C[C[C[C[Cmake[Kvi lab11_dalemu2_207.c[C[C[C[C[C[C[C[C[C[C[2Pcd lab11_dalemu2_207[C[C[C[C[C[C[C[C[C[C[C[C[Ccs262[Kls[Kcd Lab12vi Makefilels[Krm homework.C[C[C[C[C[C[C[C[C[C[Cvi[C[C[C[C[C[C[C[C[C[C[C[C[C[C[C[C[C[C[C[C[Cls[Kvi homework.c[C[C[C[C[C[C[C[C[C[Crm[C[C[C[C[C[C[C[C[C[C[C[C[C[C[C[C[C[C[C[C[Cvi[C[C[C[C[C[C[C[C[C[C[C[C[C[C[C[C[C[C[C[C[Cls[Kcd ..Makefilevi[C[C[C[C[C[C[C[C[C[7Pmake[2Plscd ..vi Lab12.h[4Pcd inc[1P..incvi Lab12.c[4Pcd src[4Plsmkdir binobjincsrcls[Kcd Lab12ls[Krmdir bin[K[K[K[K[K[K[K[K[Kvalgrid --lead[Kk[K[K[K[K[K[K[K[Knd --leak-check-[K=yes leb11_dalemu2_207 262262 50 1000
valgrind: leb11_dalemu2_207: command not found
bash-4.1$ valgrind --leak-check=yes leb11_dalemu2_207 262262 50 1000[1P[1@a
==13183== Memcheck, a memory error detector
==13183== Copyright (C) 2002-2015, and GNU GPL'd, by Julian Seward et al.
==13183== Using Valgrind-3.12.0 and LibVEX; rerun with -h for copyright info
==13183== Command: lab11_dalemu2_207 262262 50 1000
==13183== 
9  14  17  20  30  68  72  107  118  121  124  145  150  162  162  171  175  179  183  195  205  222  261  276  307  325  339  343  361  362  366  380  434  473  484  487  489  492  523  582  650  665  679  702  745  854  863  888  911  964  

 all nodes are deleted
==13183== 
==13183== HEAP SUMMARY:
==13183==     in use at exit: 0 bytes in 0 blocks
==13183==   total heap usage: 50 allocs, 50 frees, 800 bytes allocated
==13183== 
==13183== All heap blocks were freed -- no leaks are possible
==13183== 
==13183== For counts of detected and suppressed errors, rerun with: -v
==13183== ERROR SUMMARY: 0 errors from 0 contexts (suppressed: 4 from 4)
bash-4.1$ exit

Script done on Wed 25 Apr 2018 07:11:05 PM EDT
